data/history/13992870026.csv
time,date,itemid,price,discount,price_before_discount,stock,sold,item_status,cmt_count,liked_count
1654077195,20220601,13992870026,7248000,52%,15100000,20872,0,normal,0,33
1655452792,20220617,13992870026,7248000,52%,15100000,20865,1,normal,0,212
1655469378,20220617,13992870026,7248000,52%,15100000,20865,1,normal,0,213
1655479086,20220617,13992870026,7248000,52%,15100000,20865,1,normal,0,214
1655484979,20220617,13992870026,7248000,52%,15100000,20865,1,normal,0,215
1655491646,20220617,13992870026,7248000,52%,15100000,20865,1,normal,0,216
1655493382,20220617,13992870026,7248000,52%,15100000,20865,1,normal,0,217
1655497053,20220617,13992870026,7248000,52%,15100000,20865,1,normal,0,218
1655500515,20220617,13992870026,7248000,52%,15100000,20865,1,normal,0,220
1655504246,20220617,13992870026,7248000,52%,15100000,20865,1,normal,0,221
1655509157,20220617,13992870026,7248000,52%,15100000,20865,1,normal,0,222
1655516600,20220618,13992870026,7248000,52%,15100000,20865,1,normal,0,227
1655524795,20220618,13992870026,7248000,52%,15100000,20865,1,normal,0,228
1655572563,20220618,13992870026,7248000,52%,15100000,20865,1,normal,0,229
1655581006,20220618,13992870026,7248000,52%,15100000,20865,1,normal,0,230
1655583449,20220618,13992870026,7248000,52%,15100000,20865,1,normal,0,233
1655586913,20220618,13992870026,7248000,52%,15100000,20865,1,normal,0,234
1655588274,20220618,13992870026,7248000,52%,15100000,20865,1,normal,0,235
1655590571,20220618,13992870026,7248000,52%,15100000,20865,1,normal,0,236
1655591927,20220618,13992870026,7248000,52%,15100000,20865,1,normal,0,238
1655594175,20220618,13992870026,7248000,52%,15100000,20865,1,normal,0,239
1655603320,20220619,13992870026,7248000,52%,15100000,20865,1,normal,0,239
1655610018,20220619,13992870026,7248000,52%,15100000,20865,1,normal,0,241
1655646095,20220619,13992870026,7248000,52%,15100000,20865,1,normal,0,242
1655649433,20220619,13992870026,7248000,52%,15100000,20865,1,normal,0,243
1655651828,20220619,13992870026,7248000,52%,15100000,20865,1,normal,0,244
1655660300,20220619,13992870026,7248000,52%,15100000,20865,1,normal,0,245
1655662796,20220619,13992870026,7248000,52%,15100000,20865,1,normal,0,248
1655664200,20220619,13992870026,7248000,52%,15100000,20865,1,normal,0,249
1655666027,20220619,13992870026,7248000,52%,15100000,20865,1,normal,0,251
1655667445,20220619,13992870026,7248000,52%,15100000,20865,1,normal,0,255
1655669920,20220619,13992870026,7248000,52%,15100000,20865,1,normal,0,256
1655689429,20220620,13992870026,7248000,52%,15100000,20865,1,normal,0,254
1655695034,20220620,13992870026,7248000,52%,15100000,20865,1,normal,0,253
1655728640,20220620,13992870026,7248000,52%,15100000,20865,1,normal,0,254
1655732324,20220620,13992870026,7248000,52%,15100000,20865,1,normal,0,255
1655738508,20220620,13992870026,7248000,52%,15100000,20865,1,normal,0,256
1655749336,20220620,13992870026,7248000,52%,15100000,20865,1,normal,0,257
1655757704,20220620,13992870026,7248000,52%,15100000,20865,1,normal,0,258
1655768365,20220620,13992870026,7248000,52%,15100000,20865,1,normal,0,259
1655775926,20220621,13992870026,7248000,52%,15100000,20865,1,normal,0,266
1655826294,20220621,13992870026,7248000,52%,15100000,20865,1,normal,0,265
1655862802,20220622,13992870026,7248000,52%,15100000,20865,1,normal,0,265
1655869011,20220622,13992870026,7248000,52%,15100000,20865,1,normal,0,266
1655872533,20220622,13992870026,7248000,52%,15100000,20865,1,normal,0,265
1655915277,20220622,13992870026,7248000,52%,15100000,20865,4,normal,0,265
1655939869,20220622,13992870026,7248000,52%,15100000,20865,4,normal,0,266
1655948634,20220623,13992870026,7248000,52%,15100000,20865,4,normal,0,265
1656006272,20220623,13992870026,7248000,52%,15100000,20865,4,normal,0,266
1656035105,20220624,13992870026,7248000,52%,15100000,20865,4,normal,0,266
1656042151,20220624,13992870026,7248000,52%,15100000,20865,4,normal,0,267
1656121728,20220625,13992870026,7248000,52%,15100000,20865,4,normal,0,267
1656155686,20220625,13992870026,7248000,52%,15100000,20865,4,normal,0,268
1656164482,20220625,13992870026,7248000,52%,15100000,20865,4,normal,0,269
1656166512,20220625,13992870026,7248000,52%,15100000,20865,4,normal,0,270
1656170241,20220625,13992870026,7248000,52%,15100000,20865,4,normal,0,271
1656171671,20220625,13992870026,7248000,52%,15100000,20865,4,normal,0,272
1656175936,20220625,13992870026,7248000,52%,15100000,20865,4,normal,0,273
1656178723,20220625,13992870026,7248000,52%,15100000,20865,4,normal,0,275
1656181281,20220625,13992870026,7248000,52%,15100000,20865,4,normal,0,278
1656185802,20220625,13992870026,7248000,52%,15100000,20865,4,normal,0,279
1656188323,20220625,13992870026,7248000,52%,15100000,20865,4,normal,0,280
1656189603,20220625,13992870026,7248000,52%,15100000,20865,4,normal,0,281
1656208343,20220626,13992870026,7248000,52%,15100000,20865,4,normal,0,281
1656275975,20220626,13992870026,7248000,52%,15100000,20865,4,normal,0,282
1656294768,20220627,13992870026,7248000,52%,15100000,20865,4,normal,0,282
1656351852,20220627,13992870026,7248000,52%,15100000,20864,4,normal,0,282
1656380969,20220628,13992870026,7248000,52%,15100000,20864,4,normal,0,281
1656419836,20220628,13992870026,7248000,52%,15100000,20864,4,normal,0,282
1656423568,20220628,13992870026,7248000,52%,15100000,20864,4,normal,0,283
1656429559,20220628,13992870026,7248000,52%,15100000,20864,4,normal,0,284
1656447598,20220628,13992870026,7248000,52%,15100000,20863,4,normal,0,284
1656450872,20220628,13992870026,7248000,52%,15100000,20863,4,normal,0,283
1656467474,20220629,13992870026,7248000,52%,15100000,20863,4,normal,0,283
1656512111,20220629,13992870026,7248000,52%,15100000,20863,4,normal,0,285
1656516735,20220629,13992870026,7248000,52%,15100000,20863,4,normal,0,286
1656521130,20220629,13992870026,7248000,52%,15100000,20863,4,normal,0,287
1656524544,20220629,13992870026,7248000,52%,15100000,20863,4,normal,1,288
1656553815,20220630,13992870026,7248000,52%,15100000,20863,4,normal,1,289
1656566656,20220630,13992870026,7248000,52%,15100000,20863,4,normal,1,291
1656582060,20220630,13992870026,7248000,52%,15100000,20863,4,normal,1,292
1656584706,20220630,13992870026,7248000,52%,15100000,20863,4,normal,1,294
1656589048,20220630,13992870026,7248000,52%,15100000,20863,4,normal,1,295
1656596257,20220630,13992870026,7248000,52%,15100000,20863,4,normal,1,297
1656602412,20220630,13992870026,7248000,52%,15100000,20862,4,normal,1,297
1656606530,20220630,13992870026,7248000,52%,15100000,20862,5,normal,1,297
1656620380,20220630,13992870026,7248000,52%,15100000,20862,5,normal,1,298
1656631064,20220630,13992870026,7248000,52%,15100000,20862,5,normal,1,299
1656640770,20220701,13992870026,7248000,52%,15100000,20862,5,normal,1,298
1656665179,20220701,13992870026,7248000,52%,15100000,20862,5,normal,1,299
1656688818,20220701,13992870026,7248000,52%,15100000,20863,5,normal,1,299
1656726365,20220702,13992870026,7248000,52%,15100000,20863,5,normal,1,299
1656733558,20220702,13992870026,7248000,52%,15100000,20863,5,normal,1,300
1656740348,20220702,13992870026,7248000,52%,15100000,20863,5,normal,1,301
1656760469,20220702,13992870026,7248000,52%,15100000,20863,5,normal,1,302
1656766920,20220702,13992870026,7248000,52%,15100000,20863,5,normal,1,304
1656769280,20220702,13992870026,7248000,52%,15100000,20863,5,normal,1,305
1656771318,20220702,13992870026,7248000,52%,15100000,20863,5,normal,1,306
1656779019,20220702,13992870026,7248000,52%,15100000,20863,6,normal,1,307
1656782198,20220702,13992870026,7248000,52%,15100000,20862,6,normal,1,307
1656813343,20220703,13992870026,7248000,52%,15100000,20862,6,normal,1,306
1656822534,20220703,13992870026,7248000,52%,15100000,20862,6,normal,1,308
1656833828,20220703,13992870026,7248000,52%,15100000,20862,6,normal,1,309
1656851431,20220703,13992870026,7248000,52%,15100000,20862,6,normal,1,310
1656854700,20220703,13992870026,7248000,52%,15100000,20862,6,normal,1,313
1656857749,20220703,13992870026,7248000,52%,15100000,20862,6,normal,1,314
1656859058,20220703,13992870026,7248000,52%,15100000,20861,6,normal,1,314
1656862881,20220703,13992870026,7248000,52%,15100000,20861,6,normal,1,315
1656867156,20220703,13992870026,7248000,52%,15100000,20861,7,normal,1,315
1656899922,20220704,13992870026,7248000,52%,15100000,20861,7,normal,1,316
1656906764,20220704,13992870026,7248000,52%,15100000,20861,7,normal,1,317
1656919006,20220704,13992870026,7248000,52%,15100000,20861,7,normal,1,318
1656930161,20220704,13992870026,7248000,52%,15100000,20861,7,normal,1,319
1656948060,20220704,13992870026,7248000,52%,15100000,20861,7,normal,1,318
1656976678,20220704,13992870026,7248000,52%,15100000,20860,7,normal,1,319
1656985752,20220705,13992870026,7248000,52%,15100000,20860,7,normal,1,319
1656992631,20220705,13992870026,7248000,52%,15100000,20860,7,normal,1,320
1657021137,20220705,13992870026,7248000,52%,15100000,20860,7,normal,1,321
1657028589,20220705,13992870026,7248000,52%,15100000,20860,7,normal,1,322
1657059420,20220705,13992870026,7248000,52%,15100000,20860,7,normal,1,323
1657072796,20220706,13992870026,7248000,52%,15100000,20860,7,normal,1,323
1657102872,20220706,13992870026,7248000,52%,15100000,20860,7,normal,1,322
1657114931,20220706,13992870026,7248000,52%,15100000,20860,7,normal,1,323
1657121446,20220706,13992870026,7248000,52%,15100000,20860,7,normal,1,324
1657126905,20220706,13992870026,7248000,52%,15100000,20860,7,normal,1,326
1657136219,20220706,13992870026,7248000,52%,15100000,20860,7,normal,1,327
1657158922,20220707,13992870026,7248000,52%,15100000,20860,7,normal,1,327
1657211448,20220707,13992870026,7248000,52%,15100000,20860,8,normal,1,328
1657245179,20220708,13992870026,7248000,52%,15100000,20860,8,normal,2,327
1657251824,20220708,13992870026,7248000,52%,15100000,20859,8,normal,2,326
1657270066,20220708,13992870026,7248000,52%,15100000,20859,8,normal,2,327
1657278953,20220708,13992870026,7248000,52%,15100000,20859,8,normal,2,328
1657280298,20220708,13992870026,7248000,52%,15100000,20859,8,normal,2,329
1657287392,20220708,13992870026,7248000,52%,15100000,20859,8,normal,2,330
1657297833,20220708,13992870026,7248000,52%,15100000,20859,10,normal,2,330
1657315033,20220708,13992870026,7248000,52%,15100000,20859,10,normal,2,332
1657319998,20220708,13992870026,7248000,52%,15100000,20859,10,normal,2,333
1657330774,20220709,13992870026,7248000,52%,15100000,20859,10,normal,2,332
1657336773,20220709,13992870026,7248000,52%,15100000,20858,10,normal,2,332
1657358207,20220709,13992870026,7248000,52%,15100000,20858,10,normal,2,333
1657377468,20220709,13992870026,7248000,52%,15100000,20858,10,normal,2,334
1657405058,20220709,13992870026,7248000,52%,15100000,20858,10,normal,2,336
1657406468,20220709,13992870026,7248000,52%,15100000,20858,10,normal,2,337
1657418361,20220710,13992870026,7248000,52%,15100000,20858,10,normal,2,338
1657427335,20220710,13992870026,7248000,52%,15100000,20858,10,normal,2,339
1657428868,20220710,13992870026,7248000,52%,15100000,20858,10,normal,2,341
1657431505,20220710,13992870026,7248000,52%,15100000,20858,10,normal,2,343
1657456262,20220710,13992870026,7248000,52%,15100000,20858,10,normal,2,344
1657459530,20220710,13992870026,7248000,52%,15100000,20858,10,normal,2,345
1657467790,20220710,13992870026,7248000,52%,15100000,20858,10,normal,2,344
1657504213,20220711,13992870026,7248000,52%,15100000,20858,10,normal,2,346
1657510727,20220711,13992870026,7248000,52%,15100000,20858,10,normal,2,349
1657543077,20220711,13992870026,7248000,52%,15100000,20858,10,normal,2,350
1657549085,20220711,13992870026,7248000,52%,15100000,20858,10,normal,2,349
1657568217,20220711,13992870026,7248000,52%,15100000,20858,10,normal,2,350
1657570799,20220711,13992870026,7248000,52%,15100000,20858,10,normal,2,351
1657577856,20220711,13992870026,7248000,52%,15100000,20858,10,normal,2,352
1657590991,20220712,13992870026,7248000,52%,15100000,20858,10,normal,2,353
1657598473,20220712,13992870026,7248000,52%,15100000,20858,10,normal,2,355
1657646850,20220712,13992870026,7248000,52%,15100000,20858,10,normal,2,356
1657650188,20220712,13992870026,7248000,52%,15100000,20858,10,normal,2,357
1657653291,20220712,13992870026,7248000,52%,15100000,20858,10,normal,2,358
1657658538,20220712,13992870026,7248000,52%,15100000,20858,10,normal,2,359
1657664283,20220712,13992870026,7248000,52%,15100000,20858,10,normal,2,360
1657676986,20220713,13992870026,7248000,52%,15100000,20858,10,normal,2,361
1657683710,20220713,13992870026,7248000,52%,15100000,20858,10,normal,2,363
1657689680,20220713,13992870026,7248000,52%,15100000,20858,10,normal,2,364
1657693488,20220713,13992870026,7248000,52%,15100000,20858,10,normal,2,366
1657696627,20220713,13992870026,7248000,52%,15100000,20858,10,normal,2,367
1657707766,20220713,13992870026,7248000,52%,15100000,20858,10,normal,2,368
1657709143,20220713,13992870026,7248000,52%,15100000,20858,10,normal,2,369
1657712281,20220713,13992870026,7248000,52%,15100000,20858,10,normal,2,370
1657734276,20220713,13992870026,7248000,52%,15100000,20858,10,normal,3,370
1657736486,20220713,13992870026,7248000,52%,15100000,20858,10,normal,3,371
1657743592,20220713,13992870026,7248000,52%,15100000,20857,10,normal,3,372
1657744884,20220713,13992870026,7248000,52%,15100000,20857,10,normal,3,373
1657763728,20220714,13992870026,7248000,52%,15100000,20857,10,normal,3,374
1657770724,20220714,13992870026,7248000,52%,15100000,20856,10,normal,3,375
1657797316,20220714,13992870026,7248000,52%,15100000,20856,10,normal,3,374
1657802344,20220714,13992870026,7248000,52%,15100000,20856,10,normal,3,376
1657812037,20220714,13992870026,7248000,52%,15100000,20855,10,normal,3,376
1657816406,20220714,13992870026,7248000,52%,15100000,20855,11,normal,3,376
1657819751,20220714,13992870026,7248000,52%,15100000,20856,11,normal,3,376
1657821050,20220714,13992870026,7248000,52%,15100000,20854,11,normal,3,376
1657833449,20220714,13992870026,7248000,52%,15100000,20854,11,normal,3,378
1657837180,20220714,13992870026,7248000,52%,15100000,20854,11,normal,3,379
1657838484,20220714,13992870026,7248000,52%,15100000,20854,11,normal,3,380
1657850589,20220715,13992870026,7248000,52%,15100000,20854,11,normal,3,380
1657857852,20220715,13992870026,7248000,52%,15100000,20853,11,normal,3,380
1657881769,20220715,13992870026,7248000,52%,15100000,20853,11,normal,3,383
1657892933,20220715,13992870026,7248000,52%,15100000,20853,11,normal,3,384
1657902541,20220715,13992870026,7248000,52%,15100000,20853,11,normal,3,385
1657936201,20220716,13992870026,7248000,52%,15100000,20853,11,normal,3,386
1657982285,20220716,13992870026,7248000,52%,15100000,20853,11,normal,3,387
1657984663,20220716,13992870026,7248000,52%,15100000,20853,11,normal,3,388
1657986073,20220716,13992870026,7248000,52%,15100000,20853,11,normal,3,389
1657988599,20220716,13992870026,7248000,52%,15100000,20853,11,normal,3,390
1657990336,20220716,13992870026,7248000,52%,15100000,20853,10,normal,3,390
1658023019,20220717,13992870026,7248000,52%,15100000,20853,10,normal,3,391
1658029460,20220717,13992870026,7248000,52%,15100000,20853,10,normal,3,392
1658032464,20220717,13992870026,7248000,52%,15100000,20853,10,normal,3,394
1658072505,20220717,13992870026,7248000,52%,15100000,20853,10,normal,3,397
1658075038,20220717,13992870026,7248000,52%,15100000,20853,10,normal,3,398
1658076792,20220717,13992870026,7248000,52%,15100000,20852,10,normal,3,398
1658089093,20220717,13992870026,7248000,52%,15100000,20852,10,normal,3,399
1658109269,20220718,13992870026,7248000,52%,15100000,20852,10,normal,3,399
1658116009,20220718,13992870026,7248000,52%,15100000,20852,10,normal,3,400
1658141125,20220718,13992870026,7248000,52%,15100000,20852,10,normal,3,401
1658152507,20220718,13992870026,7248000,52%,15100000,20852,10,normal,3,402
1658153988,20220718,13992870026,7248000,52%,15100000,20852,10,normal,3,403
1658187609,20220718,13992870026,7248000,52%,15100000,20852,10,normal,3,404
1658196239,20220719,13992870026,7248000,52%,15100000,20852,10,normal,3,409
1658238062,20220719,13992870026,7248000,52%,15100000,20852,10,normal,3,410
1658240232,20220719,13992870026,7248000,52%,15100000,20852,10,normal,3,411
1658248112,20220719,13992870026,7248000,52%,15100000,20852,11,normal,3,411
1658259424,20220719,13992870026,7248000,52%,15100000,20852,11,normal,4,411
1658269091,20220719,13992870026,7248000,52%,15100000,20852,11,normal,4,413
1658281779,20220720,13992870026,7248000,52%,15100000,20852,11,normal,4,417
1658292113,20220720,13992870026,7248000,52%,15100000,20852,11,normal,4,418
1658298226,20220720,13992870026,7248000,52%,15100000,20852,11,normal,4,419
1658306837,20220720,13992870026,7248000,52%,15100000,20849,11,normal,4,419
1658334480,20220720,13992870026,7248000,52%,15100000,20849,12,normal,4,419
1658356822,20220720,13992870026,7248000,52%,15100000,20849,12,normal,4,420
1658359139,20220720,13992870026,7248000,52%,15100000,20849,12,normal,4,421
1658368312,20220721,13992870026,7248000,52%,15100000,20849,12,normal,4,421
1658378676,20220721,13992870026,7248000,52%,15100000,20849,12,normal,4,422
1658400321,20220721,13992870026,7248000,52%,15100000,20849,12,normal,4,424
1658402143,20220721,13992870026,7248000,52%,15100000,20849,12,normal,4,425
1658403467,20220721,13992870026,7248000,52%,15100000,20849,12,normal,4,426
1658407155,20220721,13992870026,7248000,52%,15100000,20849,12,normal,4,427
1658417075,20220721,13992870026,7248000,52%,15100000,20848,12,normal,4,427
1658438301,20220721,13992870026,7248000,52%,15100000,20848,12,normal,4,428
1658441887,20220721,13992870026,7248000,52%,15100000,20848,12,normal,4,429
1658445583,20220721,13992870026,7248000,52%,15100000,20847,12,normal,4,430
1658454896,20220722,13992870026,7248000,52%,15100000,20847,12,normal,4,431
1658461845,20220722,13992870026,7245000,52%,15100000,300,12,normal,4,432
1658465169,20220722,13992870026,7245000,52%,15100000,300,12,normal,4,434
1658481496,20220722,13992870026,7248000,52%,15100000,20846,12,normal,4,434
1658486707,20220722,13992870026,7248000,52%,15100000,20846,12,normal,4,435
1658497040,20220722,13992870026,7248000,52%,15100000,20846,12,normal,4,436
