data/history/13992870026.csv
time,date,itemid,price,discount,price_before_discount,stock,sold,item_status,cmt_count,liked_count
1658503185,20220722,13992870026,7248000,52%,15100000,20846,12,normal,4,438
1658507425,20220722,13992870026,7248000,52%,15100000,20846,12,normal,4,441
1658509600,20220722,13992870026,7248000,52%,15100000,20844,10,normal,4,441
1658521203,20220722,13992870026,7248000,52%,15100000,20844,10,normal,4,442
1658528410,20220722,13992870026,7248000,52%,15100000,20844,10,normal,4,443
1658541041,20220723,13992870026,7248000,52%,15100000,20844,10,normal,4,443
1658547371,20220723,13992870026,7248000,52%,15100000,20843,10,normal,4,444
1658571579,20220723,13992870026,7248000,52%,15100000,20843,10,normal,4,445
1658579535,20220723,13992870026,7248000,52%,15100000,20843,10,normal,4,446
1658589517,20220723,13992870026,7248000,52%,15100000,20843,10,normal,4,447
1658596769,20220723,13992870026,7248000,52%,15100000,20843,10,normal,4,448
1658610965,20220723,13992870026,7248000,52%,15100000,20843,10,normal,4,449
1658627920,20220724,13992870026,7248000,52%,15100000,20843,10,normal,4,451
1658640011,20220724,13992870026,7248000,52%,15100000,20843,10,normal,4,452
1658654268,20220724,13992870026,7248000,52%,15100000,20843,10,normal,4,453
1658655684,20220724,13992870026,7248000,52%,15100000,20843,10,normal,4,454
1658670483,20220724,13992870026,7248000,52%,15100000,20843,10,normal,4,456
1658672176,20220724,13992870026,7248000,52%,15100000,20843,10,normal,4,457
1658673552,20220724,13992870026,7248000,52%,15100000,20843,10,normal,4,458
1658675922,20220724,13992870026,7248000,52%,15100000,20843,10,normal,4,459
1658684524,20220724,13992870026,7248000,52%,15100000,20843,10,normal,4,458
1658698780,20220724,13992870026,7248000,52%,15100000,20843,10,normal,4,457
1658701052,20220724,13992870026,7248000,52%,15100000,20843,10,normal,4,456
1658713882,20220725,13992870026,7248000,52%,15100000,20843,10,normal,4,457
1658720921,20220725,13992870026,7228000,52%,15100000,20843,10,normal,4,457
1658724631,20220725,13992870026,7228000,52%,15100000,20842,10,normal,4,459
1658742154,20220725,13992870026,7228000,52%,15100000,20842,10,normal,4,460
1658749150,20220725,13992870026,7228000,52%,15100000,20842,10,normal,4,461
1658762415,20220725,13992870026,7228000,52%,15100000,20842,10,normal,4,462
1658763922,20220725,13992870026,7228000,52%,15100000,20842,10,normal,4,463
1658776482,20220725,13992870026,7228000,52%,15100000,20842,10,normal,4,464
1658777978,20220725,13992870026,7228000,52%,15100000,20841,10,normal,4,464
1658800829,20220726,13992870026,7228000,52%,15100000,20841,10,normal,4,467
1658808632,20220726,13992870026,7219000,52%,15100000,20841,10,normal,4,467
1658830954,20220726,13992870026,7219000,52%,15100000,20841,10,normal,5,467
1658842822,20220726,13992870026,7219000,52%,15100000,20841,10,normal,5,468
1658854626,20220726,13992870026,7219000,52%,15100000,20841,11,normal,5,468
1658856308,20220726,13992870026,7219000,52%,15100000,20841,11,normal,5,469
1658887048,20220727,13992870026,7219000,52%,15100000,20838,11,normal,5,473
1658893956,20220727,13992870026,7219000,52%,15100000,20838,11,normal,5,472
1658903046,20220727,13992870026,7219000,52%,15100000,20838,11,normal,5,471
1658906280,20220727,13992870026,7219000,52%,15100000,20538,11,normal,5,471
1658917336,20220727,13992870026,7219000,52%,15100000,20538,11,normal,5,473
1658920542,20220727,13992870026,7219000,52%,15100000,20538,11,normal,5,474
1658929511,20220727,13992870026,7219000,52%,15100000,20538,11,normal,5,475
1658932804,20220727,13992870026,7219000,52%,15100000,20538,11,normal,5,476
1658936638,20220727,13992870026,7219000,52%,15100000,20538,11,normal,5,477
1658939320,20220727,13992870026,7219000,52%,15100000,20538,11,normal,5,479
1658963880,20220727,13992870026,7219000,52%,15100000,20538,11,normal,5,480
1658965194,20220727,13992870026,7219000,52%,15100000,20538,11,normal,5,482
1658972995,20220728,13992870026,7219000,52%,15100000,20538,11,normal,5,482
1658979938,20220728,13992870026,7209000,52%,15100000,300,11,normal,5,482
1658999903,20220728,13992870026,7219000,52%,15100000,20838,11,normal,5,482
1659012111,20220728,13992870026,7219000,52%,15100000,20838,11,normal,5,483
1659018017,20220728,13992870026,7219000,52%,15100000,20835,11,normal,5,483
1659021535,20220728,13992870026,7219000,52%,15100000,20835,11,normal,5,485
1659025825,20220728,13992870026,7219000,52%,15100000,20835,11,normal,5,484
1659028003,20220728,13992870026,7219000,52%,15100000,20835,11,normal,5,485
1659040906,20220728,13992870026,7219000,52%,15100000,20835,11,normal,5,484
1659050415,20220728,13992870026,7219000,52%,15100000,20835,11,normal,5,486
1659059954,20220729,13992870026,7219000,52%,15100000,20835,11,normal,5,486
1659066868,20220729,13992870026,7219000,52%,15100000,20835,11,normal,5,489
1659108183,20220729,13992870026,7219000,52%,15100000,20835,11,normal,5,490
1659112069,20220729,13992870026,7219000,52%,15100000,20835,11,normal,5,489
1659113951,20220729,13992870026,7219000,52%,15100000,20835,13,normal,5,490
1659115644,20220729,13992870026,7219000,52%,15100000,20835,13,normal,5,491
1659133081,20220729,13992870026,7219000,52%,15100000,20835,13,normal,5,492
1659145801,20220730,13992870026,7219000,52%,15100000,20834,13,normal,5,492
1659176325,20220730,13992870026,7219000,52%,15100000,20833,13,normal,5,492
1659199992,20220730,13992870026,7219000,52%,15100000,20833,12,normal,5,492
1659212263,20220730,13992870026,7219000,52%,15100000,20833,12,normal,5,493
1659217103,20220730,13992870026,7219000,52%,15100000,20833,12,normal,5,495
1659220757,20220730,13992870026,7219000,52%,15100000,20833,12,normal,5,496
1659232973,20220731,13992870026,7219000,52%,15100000,20833,12,normal,5,496
1659256975,20220731,13992870026,7219000,52%,15100000,20833,12,normal,5,497
1659284620,20220731,13992870026,7219000,52%,15100000,20833,12,normal,5,498
1659286377,20220731,13992870026,7219000,52%,15100000,20833,12,normal,5,499
1659289175,20220731,13992870026,7219000,52%,15100000,20833,12,normal,5,498
1659293064,20220731,13992870026,7219000,52%,15100000,20832,12,normal,5,498
1659307181,20220731,13992870026,7219000,52%,15100000,20832,12,normal,5,497
1659319298,20220801,13992870026,7219000,52%,15100000,20832,12,normal,5,498
1659327407,20220801,13992870026,7219000,52%,15100000,20833,12,normal,5,498
1659335749,20220801,13992870026,7219000,52%,15100000,20818,12,normal,5,499
1659352580,20220801,13992870026,7219000,52%,15100000,20818,12,normal,5,500
1659357440,20220801,13992870026,7219000,52%,15100000,20818,12,normal,5,501
1659363501,20220801,13992870026,7219000,52%,15100000,20818,12,normal,5,502
1659368836,20220801,13992870026,7219000,52%,15100000,20818,12,normal,5,503
1659373398,20220801,13992870026,7219000,52%,15100000,20818,11,normal,5,503
1659392399,20220801,13992870026,7219000,52%,15100000,20818,11,normal,5,504
1659393736,20220801,13992870026,7219000,52%,15100000,20818,11,normal,5,505
1659405958,20220802,13992870026,7219000,52%,15100000,20818,11,normal,5,506
